Client, Available, Held, Total, Locked
1, 1.5, 0, 1.5, False
2, 2.0, 0, 2.0, False