Client, Available, Held, Total, Locked
1, 3.0, 0, 3.0, False
2, 7.0, 0.0, 7.0, False