Client, Available, Held, Total, Locked
1, 3.0, 0, 3.0, False
2, 5.0, 2.0, 7.0, False