Client, Available, Held, Total, Locked
1, 1.0, 0, 1.0, True
2, 7.0, 0.0, 7.0, False